// Jest Snapshot v1, https://goo.gl/fbAQLP

exports[`<Main /> should render the heading 1`] = `
<main
  class="styles__Wrapper-sc-1spqw7p-0 kRdwSO"
>
  <img
    alt="Imagem de um átomo e React Avançado escrito ao lado"
    class="styles__Logo-sc-1spqw7p-1 fIcwPi"
    src="/img/logo.svg"
  />
  <h1
    class="styles__Title-sc-1spqw7p-2 EibCY"
  >
    React Avançado
  </h1>
  <h2
    class="styles__Description-sc-1spqw7p-3 OYbdz"
  >
    Typescript, ReactJS, NextJS e Styled Components
  </h2>
  <img
    alt="Um desenvolvedor de frente  para a tela com código"
    class="styles__Illustration-sc-1spqw7p-4 fdavqe"
    src="/img/hero-illustration.svg"
  />
</main>
`
